[
  {
    "rarity": "legendary",
    "neighbor": [
      359,
      92,
      574,
      396
    ],
    "original_bbox": null,
    "original_max": 0,
    "css_mean": [
      4.089427784577723,
      4.163264993880049,
      4.362928396572827
    ],
    "unclipped_canvas_mean": [
      20.977769277845777,
      19.048041615667074,
      14.153473072215423
    ],
    "unclipped_bbox": [
      61,
      0,
      215,
      304
    ]
  },
  {
    "rarity": "mythic",
    "neighbor": [
      359,
      92,
      574,
      396
    ],
    "original_bbox": null,
    "original_max": 0,
    "css_mean": [
      2.6143359853121173,
      2.8684210526315788,
      3.550091799265606
    ],
    "unclipped_canvas_mean": [
      18.847108323133416,
      19.421129130966953,
      19.171802325581396
    ],
    "unclipped_bbox": [
      61,
      0,
      215,
      304
    ]
  }
]
