H pack highlight and full-image RMS PASS {'before': {'top5': 255.0, 'rms': 82.72690977322382}, 'after': {'top5': 196.63338192419826, 'rms': 74.65886418742504}, 'ratios': {'top5': 0.7711113016635226, 'rms': 0.9024737463551411}}
F back printed-edge clearance PASS {'size': [500, 700], 'pixels': [5, 5, 8, 10]}
E exact variant diff  PASS [{'line': 819, 'production': "const RATE=[['mythic',.005],['legendary',.04],['epic',.15],['rare',.40],['common',.405]];", 'test': "const RATE=[['mythic',.25],['legendary',.35],['epic',.25],['rare',.10],['common',.05]];"}, {'line': 1547, 'production': "const ticketPolicy={unlimited:false,label:''};", 'test': "const ticketPolicy={unlimited:true,label:'測試版 · 高機率 · 無限抽'};"}]
E exact variant diff -standalone PASS [{'line': 820, 'production': "const RATE=[['mythic',.005],['legendary',.04],['epic',.15],['rare',.40],['common',.405]];", 'test': "const RATE=[['mythic',.25],['legendary',.35],['epic',.25],['rare',.10],['common',.05]];"}, {'line': 1546, 'production': "const ticketPolicy={unlimited:false,label:''};", 'test': "const ticketPolicy={unlimited:true,label:'測試版 · 高機率 · 無限抽'};"}]
frozen sources PASS []
dev C idle rAF PASS 0
dev C seamless independent animations PASS {'elements': [{'name': 'sigil-breathe', 'duration': 28000, 'delay': 0, 'seam': None, 'motion': (256, 13, 1157, 887)}, {'name': 'axis-flow', 'duration': 5000, 'delay': 0, 'seam': None, 'motion': (390, 118, 1050, 737)}, {'name': 'orbit-turn', 'duration': 24000, 'delay': 0, 'seam': None, 'motion': (510, 186, 930, 544)}, {'name': 'orbit-dash', 'duration': 6000, 'delay': 0, 'seam': None, 'motion': (542, 278, 898, 512)}, {'name': 'orbit-sway', 'duration': 12000, 'delay': 0, 'seam': None, 'motion': (510, 186, 930, 545)}, {'name': 'orbit-turn', 'duration': 18000, 'delay': 0, 'seam': None, 'motion': (5
dev C paused PASS True
dev C reduced animation count PASS 0
dev B legendary PASS {'mean_start': 111.85591603053435, 'mean_peak': 164.21422010858473, 'std_start': 95.55647356439455, 'std_peak': 60.93260761189494}
dev B cleanup legendary PASS {'screen': 'results', 'entryPhase': 'idle', 'pageIndex': 0, 'selectedIndex': 0, 'generation': 3, 'busy': False, 'cascading': False, 'skipped': True, 'anims': 0, 'timers': 0, 'rafs': 0, 'voices': 0, 'complete': 1, 'ids': ['alienkitty'], 'collectable': True}
dev B mythic PASS {'mean_start': 111.85591603053435, 'mean_peak': 189.5955678246316, 'std_start': 95.55647356439455, 'std_peak': 46.08457868982418}
dev B cleanup mythic PASS {'screen': 'results', 'entryPhase': 'idle', 'pageIndex': 0, 'selectedIndex': 0, 'generation': 3, 'busy': False, 'cascading': False, 'skipped': True, 'anims': 0, 'timers': 0, 'rafs': 0, 'voices': 0, 'complete': 1, 'ids': ['rocketdog'], 'collectable': True}
portable C idle rAF PASS 0
portable C seamless independent animations PASS {'elements': [{'name': 'sigil-breathe', 'duration': 28000, 'delay': 0, 'seam': None, 'motion': (256, 13, 1157, 887)}, {'name': 'axis-flow', 'duration': 5000, 'delay': 0, 'seam': None, 'motion': (390, 118, 1050, 737)}, {'name': 'orbit-turn', 'duration': 24000, 'delay': 0, 'seam': None, 'motion': (510, 186, 930, 544)}, {'name': 'orbit-dash', 'duration': 6000, 'delay': 0, 'seam': None, 'motion': (542, 278, 898, 512)}, {'name': 'orbit-sway', 'duration': 12000, 'delay': 0, 'seam': None, 'motion': (510, 186, 930, 545)}, {'name': 'orbit-turn', 'duration': 18000, 'delay': 0, 'seam': None, 'motion': (5
portable C paused PASS True
portable C reduced animation count PASS 0
portable B legendary PASS {'mean_start': 111.85591603053435, 'mean_peak': 164.21422010858473, 'std_start': 95.55647356439455, 'std_peak': 60.93260761189494}
portable B cleanup legendary PASS {'screen': 'results', 'entryPhase': 'idle', 'pageIndex': 0, 'selectedIndex': 0, 'generation': 3, 'busy': False, 'cascading': False, 'skipped': True, 'anims': 0, 'timers': 0, 'rafs': 0, 'voices': 0, 'complete': 1, 'ids': ['alienkitty'], 'collectable': True}
portable B mythic PASS {'mean_start': 111.85591603053435, 'mean_peak': 189.5955678246316, 'std_start': 95.55647356439455, 'std_peak': 46.08457868982418}
portable B cleanup mythic PASS {'screen': 'results', 'entryPhase': 'idle', 'pageIndex': 0, 'selectedIndex': 0, 'generation': 3, 'busy': False, 'cascading': False, 'skipped': True, 'anims': 0, 'timers': 0, 'rafs': 0, 'voices': 0, 'complete': 1, 'ids': ['rocketdog'], 'collectable': True}
