== 環境
  chromium=149.0.7827.55  viewports=['1440x900']  label=neg2-epic-accent  inject=epic-accent
  卡池預期 63 張；固定序列 63 張

== 0. 入口／尺寸／取樣完整性
PASS gacha-test 1440x900: 取到 126 筆卡片紀錄
PASS team 1440x900: 取到 106 筆卡片紀錄

== 1. 抽卡：儀式狀態與固定序列
PASS gacha-test 1440x900 batch0: screen=results complete=10 err=None
PASS gacha-test 1440x900 batch1: screen=results complete=10 err=None
PASS gacha-test 1440x900 batch2: screen=results complete=10 err=None
PASS gacha-test 1440x900 batch3: screen=results complete=10 err=None
PASS gacha-test 1440x900 batch4: screen=results complete=10 err=None
PASS gacha-test 1440x900 batch5: screen=results complete=10 err=None
PASS gacha-test 1440x900 batch6: screen=results complete=3 err=None
PASS gacha-test 1440x900: 揭卡序列與指定序列逐位相同（63/63）

== 2. 字型證據（逐節點、保留 CDP node ID、無筆數上限）
PASS gacha-test 1440x900: 字型取樣錯誤 0 []
PASS gacha-test 1440x900: 可見文字沒有字型證據 0 []
PASS gacha-test 1440x900: 非預期 fallback 0 []
PASS gacha-test 1440x900: 非內嵌字型 0 []
PASS gacha-test 1440x900: 缺 CDP node ID 0 []
PASS team 1440x900: 字型取樣錯誤 0 []
PASS team 1440x900: 可見文字沒有字型證據 0 []
PASS team 1440x900: 非預期 fallback 0 []
PASS team 1440x900: 非內嵌字型 0 []
PASS team 1440x900: 缺 CDP node ID 0 []

== 3. 字級契約（--rarity-fs 生效、主副標比例 13.5/24）
PASS gacha-test 1440x900: |fontSize − --rarity-fs| 最大 0.0000px
PASS gacha-test 1440x900: |rarityFS − nameFS×0.5625| 最大 0.0050px ('ababa', 'reveal', 'neutral')
PASS team 1440x900: |fontSize − --rarity-fs| 最大 0.0000px
PASS team 1440x900: |rarityFS − nameFS×0.5625| 最大 0.0050px ('rocketdog', 'overview', 'neutral')

== 4. 卡面一致性（同尺寸中性姿態，參考＝gacha-test）
PASS team: 58 筆同尺寸樣本全部有參考對象；未覆蓋 0 []
FAIL team: 同尺寸比對 58 張，列入比較的屬性差異 44 項 [('mieshi', 'overview', 'rarityStyle', 'color', 'rgb(147, 240, 223)', 'rgb(216, 255, 240)'), ('mieshi', 'overview', 'rarityStyle', 'webkitTextFillColor', 'rgb(147, 240, 223)', 'rgb(216, 255, 240)'), ('qinghua', 'overview', 'rarityStyle', 'color', 'rgb(147, 240, 223)', 'rgb(216, 255, 240)')]

== 5. 同尺寸中性姿態的幾何（原始 px，門檻 0.011px）
PASS team: 同尺寸幾何與參考差異 0 項 []

== 6. 原生姿態的硬判準
PASS gacha-test: 稀有度全部單行（63 張，最多 1 行）
PASS gacha-test: 稀有度與寶石零交疊（0 張命中）[]
PASS gacha-test: 投影倍率只有 1.0 或編隊的 1.04 選取放大（放大中 0 張）；例外 0 []
PASS team: 稀有度全部單行（48 張，最多 1 行）
PASS team: 稀有度與寶石零交疊（0 張命中）[]
PASS team: 投影倍率只有 1.0 或編隊的 1.04 選取放大（放大中 14 張）；例外 0 []

== 觀察（不計入通過與否）

== 結果：1 項 FAIL
