browser 151.0.4129.101 renderer ANGLE (NVIDIA, NVIDIA GeForce RTX 3080 Ti (0x00002208) Direct3D11 vs_5_0 ps_5_0, D3D11)
d1-pool-static                               cards= 65 valid=148 skip= 28 invalid=  0 bad=  0 PASS
d1-pool-hover                                cards= 65 valid=148 skip= 28 invalid=  0 bad=  0 PASS
d1-pool-standalone-static                    cards= 65 valid=148 skip= 28 invalid=  0 bad=  0 PASS
d1-gacha-pack                                cards= 10 valid=  0 skip= 10 invalid=  0 bad=  0 SKIP
d1-gacha-reveal-face                         cards= 10 valid=  4 skip=  9 invalid=  0 bad=  0 PASS
d1-gacha-results                             cards= 10 valid= 21 skip=  0 invalid= 19 bad=  0 PASS
d1-gacha-results-hover                       cards= 10 valid= 21 skip=  0 invalid= 19 bad=  0 PASS
d1-gacha-results-click                       cards= 10 valid= 21 skip=  0 invalid= 19 bad=  0 PASS
d1-gacha-standalone-results                  cards= 10 valid= 21 skip=  0 invalid= 19 bad=  0 PASS
d1-team-desk-overview                        cards= 11 valid= 44 skip=  0 invalid=  0 bad=  0 PASS
d1-team-desk-selected                        cards= 11 valid= 44 skip=  0 invalid=  0 bad=  0 PASS
d1-team-desk-hover                           cards= 11 valid= 44 skip=  0 invalid=  0 bad=  0 PASS
d1-team-desk-detail                          cards= 11 valid= 44 skip=  0 invalid=  0 bad=  0 PASS
d1-team-desk-picker-skill                    cards= 35 valid= 60 skip= 20 invalid=  0 bad=  0 PASS
d1-team-desk-picker-add                      cards= 35 valid= 60 skip= 20 invalid=  0 bad=  0 PASS
d1-team-desk-picker-replace                  cards= 35 valid= 60 skip= 20 invalid=  0 bad=  0 PASS
d1-team-tablet-overview                      cards= 11 valid= 44 skip=  0 invalid=  0 bad=  0 PASS
d1-team-tablet-selected                      cards= 11 valid= 44 skip=  0 invalid=  0 bad=  0 PASS
d1-team-phone-overview                       cards= 10 valid= 36 skip=  1 invalid=  0 bad=  0 PASS
d1-team-phone-selected                       cards= 11 valid= 40 skip=  1 invalid=  0 bad=  0 PASS
d1-team-phone-picker-skill                   cards= 35 valid= 24 skip= 29 invalid=  0 bad=  0 PASS
d1-drag-desk-depth-drag-start                cards= 12 valid= 42 skip=  0 invalid=  6 bad=  0 PASS ghost=4/4
d1-drag-desk-depth-drag-mid                  cards= 12 valid= 44 skip=  0 invalid=  4 bad=  0 PASS ghost=4/4
d1-drag-desk-depth-drag-over-slot            cards= 12 valid= 46 skip=  0 invalid=  2 bad=  0 PASS ghost=4/4
d1-drag-desk-depth-drop-first-raf            cards= 11 valid= 44 skip=  0 invalid=  0 bad=  0 PASS
d1-drag-desk-depth-drop-stable               cards= 11 valid= 44 skip=  0 invalid=  0 bad=  0 PASS
d1-drag-desk-framed-drag-start               cards= 12 valid= 42 skip=  0 invalid=  6 bad=  0 PASS ghost=4/4
d1-drag-desk-framed-drag-mid                 cards= 12 valid= 44 skip=  0 invalid=  4 bad=  0 PASS ghost=4/4
d1-drag-desk-framed-drag-over-slot           cards= 12 valid= 46 skip=  0 invalid=  2 bad=  0 PASS ghost=4/4
d1-drag-desk-framed-drop-first-raf           cards= 11 valid= 44 skip=  0 invalid=  0 bad=  0 PASS
d1-drag-desk-framed-drop-stable              cards= 11 valid= 44 skip=  0 invalid=  0 bad=  0 PASS
d1-drag-desk-flat-drag-start                 cards= 12 valid= 42 skip=  0 invalid=  6 bad=  0 PASS ghost=4/4
d1-drag-desk-flat-drag-mid                   cards= 12 valid= 44 skip=  0 invalid=  4 bad=  0 PASS ghost=4/4
d1-drag-desk-flat-drag-over-slot             cards= 12 valid= 46 skip=  0 invalid=  2 bad=  0 PASS ghost=4/4
d1-drag-desk-flat-drop-first-raf             cards= 11 valid= 44 skip=  0 invalid=  0 bad=  0 PASS
d1-drag-desk-flat-drop-stable                cards= 11 valid= 44 skip=  0 invalid=  0 bad=  0 PASS
d1-drag-tablet-depth-drag-start              cards= 12 valid= 42 skip=  0 invalid=  6 bad=  0 PASS ghost=4/4
d1-drag-tablet-depth-drag-mid                cards= 12 valid= 44 skip=  0 invalid=  4 bad=  0 PASS ghost=4/4
d1-drag-tablet-depth-drag-over-slot          cards= 12 valid= 45 skip=  0 invalid=  3 bad=  0 PASS ghost=4/4
d1-drag-tablet-depth-drop-first-raf          cards= 11 valid= 44 skip=  0 invalid=  0 bad=  0 PASS
d1-drag-tablet-depth-drop-stable             cards= 11 valid= 44 skip=  0 invalid=  0 bad=  0 PASS
d1-drag-tablet-framed-drag-start             cards= 12 valid= 42 skip=  0 invalid=  6 bad=  0 PASS ghost=4/4
d1-drag-tablet-framed-drag-mid               cards= 12 valid= 43 skip=  0 invalid=  5 bad=  0 PASS ghost=4/4
d1-drag-tablet-framed-drag-over-slot         cards= 12 valid= 45 skip=  0 invalid=  3 bad=  0 PASS ghost=4/4
d1-drag-tablet-framed-drop-first-raf         cards= 11 valid= 44 skip=  0 invalid=  0 bad=  0 PASS
d1-drag-tablet-framed-drop-stable            cards= 11 valid= 44 skip=  0 invalid=  0 bad=  0 PASS
d1-drag-tablet-flat-drag-start               cards= 12 valid= 42 skip=  0 invalid=  6 bad=  0 PASS ghost=4/4
d1-drag-tablet-flat-drag-mid                 cards= 12 valid= 44 skip=  0 invalid=  4 bad=  0 PASS ghost=4/4
d1-drag-tablet-flat-drag-over-slot           cards= 12 valid= 45 skip=  0 invalid=  3 bad=  0 PASS ghost=4/4
d1-drag-tablet-flat-drop-first-raf           cards= 11 valid= 44 skip=  0 invalid=  0 bad=  0 PASS
d1-drag-tablet-flat-drop-stable              cards= 11 valid= 44 skip=  0 invalid=  0 bad=  0 PASS
d1-negative-control-pool                     cards= 65 valid=148 skip= 28 invalid=  0 bad= 48 FAIL
== dpr 1.0: 狀態 52 缺 0 零樣本必測 0 ghost缺角 0 乾淨黑角 0 負控制紅 48 拖曳有 → OK
d1.25-pool-static                            cards= 65 valid=148 skip= 28 invalid=  0 bad=  0 PASS
d1.25-pool-hover                             cards= 65 valid=148 skip= 28 invalid=  0 bad=  0 PASS
d1.25-pool-standalone-static                 cards= 65 valid=148 skip= 28 invalid=  0 bad=  0 PASS
d1.25-gacha-pack                             cards= 10 valid=  0 skip= 10 invalid=  0 bad=  0 SKIP
d1.25-gacha-reveal-face                      cards= 10 valid=  4 skip=  9 invalid=  0 bad=  0 PASS
d1.25-gacha-results                          cards= 10 valid= 22 skip=  0 invalid= 18 bad=  0 PASS
d1.25-gacha-results-hover                    cards= 10 valid= 22 skip=  0 invalid= 18 bad=  0 PASS
d1.25-gacha-results-click                    cards= 10 valid= 22 skip=  0 invalid= 18 bad=  0 PASS
d1.25-gacha-standalone-results               cards= 10 valid= 22 skip=  0 invalid= 18 bad=  0 PASS
d1.25-team-desk-overview                     cards= 11 valid= 44 skip=  0 invalid=  0 bad=  0 PASS
d1.25-team-desk-selected                     cards= 11 valid= 44 skip=  0 invalid=  0 bad=  0 PASS
d1.25-team-desk-hover                        cards= 11 valid= 44 skip=  0 invalid=  0 bad=  0 PASS
d1.25-team-desk-detail                       cards= 11 valid= 44 skip=  0 invalid=  0 bad=  0 PASS
d1.25-team-desk-picker-skill                 cards= 35 valid= 60 skip= 20 invalid=  0 bad=  0 PASS
d1.25-team-desk-picker-add                   cards= 35 valid= 60 skip= 20 invalid=  0 bad=  0 PASS
d1.25-team-desk-picker-replace               cards= 35 valid= 60 skip= 20 invalid=  0 bad=  0 PASS
d1.25-team-tablet-overview                   cards= 11 valid= 44 skip=  0 invalid=  0 bad=  0 PASS
d1.25-team-tablet-selected                   cards= 11 valid= 44 skip=  0 invalid=  0 bad=  0 PASS
d1.25-team-phone-overview                    cards= 10 valid= 36 skip=  1 invalid=  0 bad=  0 PASS
d1.25-team-phone-selected                    cards= 11 valid= 40 skip=  1 invalid=  0 bad=  0 PASS
d1.25-team-phone-picker-skill                cards= 35 valid= 24 skip= 29 invalid=  0 bad=  0 PASS
d1.25-drag-desk-depth-drag-start             cards= 12 valid= 42 skip=  0 invalid=  6 bad=  0 PASS ghost=4/4
d1.25-drag-desk-depth-drag-mid               cards= 12 valid= 44 skip=  0 invalid=  4 bad=  0 PASS ghost=4/4
d1.25-drag-desk-depth-drag-over-slot         cards= 12 valid= 46 skip=  0 invalid=  2 bad=  0 PASS ghost=4/4
d1.25-drag-desk-depth-drop-first-raf         cards= 11 valid= 44 skip=  0 invalid=  0 bad=  0 PASS
d1.25-drag-desk-depth-drop-stable            cards= 11 valid= 44 skip=  0 invalid=  0 bad=  0 PASS
d1.25-drag-desk-framed-drag-start            cards= 12 valid= 42 skip=  0 invalid=  6 bad=  0 PASS ghost=4/4
d1.25-drag-desk-framed-drag-mid              cards= 12 valid= 44 skip=  0 invalid=  4 bad=  0 PASS ghost=4/4
d1.25-drag-desk-framed-drag-over-slot        cards= 12 valid= 46 skip=  0 invalid=  2 bad=  0 PASS ghost=4/4
d1.25-drag-desk-framed-drop-first-raf        cards= 11 valid= 44 skip=  0 invalid=  0 bad=  0 PASS
d1.25-drag-desk-framed-drop-stable           cards= 11 valid= 44 skip=  0 invalid=  0 bad=  0 PASS
d1.25-drag-desk-flat-drag-start              cards= 12 valid= 42 skip=  0 invalid=  6 bad=  0 PASS ghost=4/4
d1.25-drag-desk-flat-drag-mid                cards= 12 valid= 44 skip=  0 invalid=  4 bad=  0 PASS ghost=4/4
d1.25-drag-desk-flat-drag-over-slot          cards= 12 valid= 46 skip=  0 invalid=  2 bad=  0 PASS ghost=4/4
d1.25-drag-desk-flat-drop-first-raf          cards= 11 valid= 44 skip=  0 invalid=  0 bad=  0 PASS
d1.25-drag-desk-flat-drop-stable             cards= 11 valid= 44 skip=  0 invalid=  0 bad=  0 PASS
d1.25-drag-tablet-depth-drag-start           cards= 12 valid= 42 skip=  0 invalid=  6 bad=  0 PASS ghost=4/4
d1.25-drag-tablet-depth-drag-mid             cards= 12 valid= 44 skip=  0 invalid=  4 bad=  0 PASS ghost=4/4
d1.25-drag-tablet-depth-drag-over-slot       cards= 12 valid= 45 skip=  0 invalid=  3 bad=  0 PASS ghost=4/4
d1.25-drag-tablet-depth-drop-first-raf       cards= 11 valid= 44 skip=  0 invalid=  0 bad=  0 PASS
d1.25-drag-tablet-depth-drop-stable          cards= 11 valid= 44 skip=  0 invalid=  0 bad=  0 PASS
d1.25-drag-tablet-framed-drag-start          cards= 12 valid= 42 skip=  0 invalid=  6 bad=  0 PASS ghost=4/4
d1.25-drag-tablet-framed-drag-mid            cards= 12 valid= 43 skip=  0 invalid=  5 bad=  0 PASS ghost=4/4
d1.25-drag-tablet-framed-drag-over-slot      cards= 12 valid= 45 skip=  0 invalid=  3 bad=  0 PASS ghost=4/4
d1.25-drag-tablet-framed-drop-first-raf      cards= 11 valid= 44 skip=  0 invalid=  0 bad=  0 PASS
d1.25-drag-tablet-framed-drop-stable         cards= 11 valid= 44 skip=  0 invalid=  0 bad=  0 PASS
d1.25-drag-tablet-flat-drag-start            cards= 12 valid= 42 skip=  0 invalid=  6 bad=  0 PASS ghost=4/4
d1.25-drag-tablet-flat-drag-mid              cards= 12 valid= 44 skip=  0 invalid=  4 bad=  0 PASS ghost=4/4
d1.25-drag-tablet-flat-drag-over-slot        cards= 12 valid= 45 skip=  0 invalid=  3 bad=  0 PASS ghost=4/4
d1.25-drag-tablet-flat-drop-first-raf        cards= 11 valid= 44 skip=  0 invalid=  0 bad=  0 PASS
d1.25-drag-tablet-flat-drop-stable           cards= 11 valid= 44 skip=  0 invalid=  0 bad=  0 PASS
d1.25-negative-control-pool                  cards= 65 valid=148 skip= 28 invalid=  0 bad= 48 FAIL
== dpr 1.25: 狀態 52 缺 0 零樣本必測 0 ghost缺角 0 乾淨黑角 0 負控制紅 48 拖曳有 → OK
d1.5-pool-static                             cards= 65 valid=148 skip= 28 invalid=  0 bad=  0 PASS
d1.5-pool-hover                              cards= 65 valid=148 skip= 28 invalid=  0 bad=  0 PASS
d1.5-pool-standalone-static                  cards= 65 valid=148 skip= 28 invalid=  0 bad=  0 PASS
d1.5-gacha-pack                              cards= 10 valid=  0 skip= 10 invalid=  0 bad=  0 SKIP
d1.5-gacha-reveal-face                       cards= 10 valid=  4 skip=  9 invalid=  0 bad=  0 PASS
d1.5-gacha-results                           cards= 10 valid= 20 skip=  0 invalid= 20 bad=  0 PASS
d1.5-gacha-results-hover                     cards= 10 valid= 20 skip=  0 invalid= 20 bad=  0 PASS
d1.5-gacha-results-click                     cards= 10 valid= 20 skip=  0 invalid= 20 bad=  0 PASS
d1.5-gacha-standalone-results                cards= 10 valid= 20 skip=  0 invalid= 20 bad=  0 PASS
d1.5-team-desk-overview                      cards= 11 valid= 44 skip=  0 invalid=  0 bad=  0 PASS
d1.5-team-desk-selected                      cards= 11 valid= 44 skip=  0 invalid=  0 bad=  0 PASS
d1.5-team-desk-hover                         cards= 11 valid= 44 skip=  0 invalid=  0 bad=  0 PASS
d1.5-team-desk-detail                        cards= 11 valid= 44 skip=  0 invalid=  0 bad=  0 PASS
d1.5-team-desk-picker-skill                  cards= 35 valid= 60 skip= 20 invalid=  0 bad=  0 PASS
d1.5-team-desk-picker-add                    cards= 35 valid= 60 skip= 20 invalid=  0 bad=  0 PASS
d1.5-team-desk-picker-replace                cards= 35 valid= 60 skip= 20 invalid=  0 bad=  0 PASS
d1.5-team-tablet-overview                    cards= 11 valid= 44 skip=  0 invalid=  0 bad=  0 PASS
d1.5-team-tablet-selected                    cards= 11 valid= 44 skip=  0 invalid=  0 bad=  0 PASS
d1.5-team-phone-overview                     cards= 10 valid= 36 skip=  1 invalid=  0 bad=  0 PASS
d1.5-team-phone-selected                     cards= 11 valid= 40 skip=  1 invalid=  0 bad=  0 PASS
d1.5-team-phone-picker-skill                 cards= 35 valid= 24 skip= 29 invalid=  0 bad=  0 PASS
d1.5-drag-desk-depth-drag-start              cards= 12 valid= 42 skip=  0 invalid=  6 bad=  0 PASS ghost=4/4
d1.5-drag-desk-depth-drag-mid                cards= 12 valid= 44 skip=  0 invalid=  4 bad=  0 PASS ghost=4/4
d1.5-drag-desk-depth-drag-over-slot          cards= 12 valid= 46 skip=  0 invalid=  2 bad=  0 PASS ghost=4/4
d1.5-drag-desk-depth-drop-first-raf          cards= 11 valid= 44 skip=  0 invalid=  0 bad=  0 PASS
d1.5-drag-desk-depth-drop-stable             cards= 11 valid= 44 skip=  0 invalid=  0 bad=  0 PASS
d1.5-drag-desk-framed-drag-start             cards= 12 valid= 42 skip=  0 invalid=  6 bad=  0 PASS ghost=4/4
d1.5-drag-desk-framed-drag-mid               cards= 12 valid= 44 skip=  0 invalid=  4 bad=  0 PASS ghost=4/4
d1.5-drag-desk-framed-drag-over-slot         cards= 12 valid= 46 skip=  0 invalid=  2 bad=  0 PASS ghost=4/4
d1.5-drag-desk-framed-drop-first-raf         cards= 11 valid= 44 skip=  0 invalid=  0 bad=  0 PASS
d1.5-drag-desk-framed-drop-stable            cards= 11 valid= 44 skip=  0 invalid=  0 bad=  0 PASS
d1.5-drag-desk-flat-drag-start               cards= 12 valid= 42 skip=  0 invalid=  6 bad=  0 PASS ghost=4/4
d1.5-drag-desk-flat-drag-mid                 cards= 12 valid= 44 skip=  0 invalid=  4 bad=  0 PASS ghost=4/4
d1.5-drag-desk-flat-drag-over-slot           cards= 12 valid= 46 skip=  0 invalid=  2 bad=  0 PASS ghost=4/4
d1.5-drag-desk-flat-drop-first-raf           cards= 11 valid= 44 skip=  0 invalid=  0 bad=  0 PASS
d1.5-drag-desk-flat-drop-stable              cards= 11 valid= 44 skip=  0 invalid=  0 bad=  0 PASS
d1.5-drag-tablet-depth-drag-start            cards= 12 valid= 42 skip=  0 invalid=  6 bad=  0 PASS ghost=4/4
d1.5-drag-tablet-depth-drag-mid              cards= 12 valid= 44 skip=  0 invalid=  4 bad=  0 PASS ghost=4/4
d1.5-drag-tablet-depth-drag-over-slot        cards= 12 valid= 45 skip=  0 invalid=  3 bad=  0 PASS ghost=4/4
d1.5-drag-tablet-depth-drop-first-raf        cards= 11 valid= 44 skip=  0 invalid=  0 bad=  0 PASS
d1.5-drag-tablet-depth-drop-stable           cards= 11 valid= 44 skip=  0 invalid=  0 bad=  0 PASS
d1.5-drag-tablet-framed-drag-start           cards= 12 valid= 42 skip=  0 invalid=  6 bad=  0 PASS ghost=4/4
d1.5-drag-tablet-framed-drag-mid             cards= 12 valid= 43 skip=  0 invalid=  5 bad=  0 PASS ghost=4/4
d1.5-drag-tablet-framed-drag-over-slot       cards= 12 valid= 45 skip=  0 invalid=  3 bad=  0 PASS ghost=4/4
d1.5-drag-tablet-framed-drop-first-raf       cards= 11 valid= 44 skip=  0 invalid=  0 bad=  0 PASS
d1.5-drag-tablet-framed-drop-stable          cards= 11 valid= 44 skip=  0 invalid=  0 bad=  0 PASS
d1.5-drag-tablet-flat-drag-start             cards= 12 valid= 42 skip=  0 invalid=  6 bad=  0 PASS ghost=4/4
d1.5-drag-tablet-flat-drag-mid               cards= 12 valid= 44 skip=  0 invalid=  4 bad=  0 PASS ghost=4/4
d1.5-drag-tablet-flat-drag-over-slot         cards= 12 valid= 45 skip=  0 invalid=  3 bad=  0 PASS ghost=4/4
d1.5-drag-tablet-flat-drop-first-raf         cards= 11 valid= 44 skip=  0 invalid=  0 bad=  0 PASS
d1.5-drag-tablet-flat-drop-stable            cards= 11 valid= 44 skip=  0 invalid=  0 bad=  0 PASS
d1.5-negative-control-pool                   cards= 65 valid=148 skip= 28 invalid=  0 bad= 48 FAIL
== dpr 1.5: 狀態 52 缺 0 零樣本必測 0 ghost缺角 0 乾淨黑角 0 負控制紅 48 拖曳有 → OK
d2-pool-static                               cards= 65 valid=148 skip= 28 invalid=  0 bad=  0 PASS
d2-pool-hover                                cards= 65 valid=148 skip= 28 invalid=  0 bad=  0 PASS
d2-pool-standalone-static                    cards= 65 valid=148 skip= 28 invalid=  0 bad=  0 PASS
d2-gacha-pack                                cards= 10 valid=  0 skip= 10 invalid=  0 bad=  0 SKIP
d2-gacha-reveal-face                         cards= 10 valid=  4 skip=  9 invalid=  0 bad=  0 PASS
d2-gacha-results                             cards= 10 valid= 20 skip=  0 invalid= 20 bad=  0 PASS
d2-gacha-results-hover                       cards= 10 valid= 20 skip=  0 invalid= 20 bad=  0 PASS
d2-gacha-results-click                       cards= 10 valid= 20 skip=  0 invalid= 20 bad=  0 PASS
d2-gacha-standalone-results                  cards= 10 valid= 20 skip=  0 invalid= 20 bad=  0 PASS
d2-team-desk-overview                        cards= 11 valid= 44 skip=  0 invalid=  0 bad=  0 PASS
d2-team-desk-selected                        cards= 11 valid= 44 skip=  0 invalid=  0 bad=  0 PASS
d2-team-desk-hover                           cards= 11 valid= 44 skip=  0 invalid=  0 bad=  0 PASS
d2-team-desk-detail                          cards= 11 valid= 44 skip=  0 invalid=  0 bad=  0 PASS
d2-team-desk-picker-skill                    cards= 35 valid= 60 skip= 20 invalid=  0 bad=  0 PASS
d2-team-desk-picker-add                      cards= 35 valid= 60 skip= 20 invalid=  0 bad=  0 PASS
d2-team-desk-picker-replace                  cards= 35 valid= 60 skip= 20 invalid=  0 bad=  0 PASS
d2-team-tablet-overview                      cards= 11 valid= 44 skip=  0 invalid=  0 bad=  0 PASS
d2-team-tablet-selected                      cards= 11 valid= 44 skip=  0 invalid=  0 bad=  0 PASS
d2-team-phone-overview                       cards= 10 valid= 36 skip=  1 invalid=  0 bad=  0 PASS
d2-team-phone-selected                       cards= 11 valid= 40 skip=  1 invalid=  0 bad=  0 PASS
d2-team-phone-picker-skill                   cards= 35 valid= 24 skip= 29 invalid=  0 bad=  0 PASS
d2-drag-desk-depth-drag-start                cards= 12 valid= 42 skip=  0 invalid=  6 bad=  0 PASS ghost=4/4
d2-drag-desk-depth-drag-mid                  cards= 12 valid= 44 skip=  0 invalid=  4 bad=  0 PASS ghost=4/4
d2-drag-desk-depth-drag-over-slot            cards= 12 valid= 46 skip=  0 invalid=  2 bad=  0 PASS ghost=4/4
d2-drag-desk-depth-drop-first-raf            cards= 11 valid= 44 skip=  0 invalid=  0 bad=  0 PASS
d2-drag-desk-depth-drop-stable               cards= 11 valid= 44 skip=  0 invalid=  0 bad=  0 PASS
d2-drag-desk-framed-drag-start               cards= 12 valid= 42 skip=  0 invalid=  6 bad=  0 PASS ghost=4/4
d2-drag-desk-framed-drag-mid                 cards= 12 valid= 44 skip=  0 invalid=  4 bad=  0 PASS ghost=4/4
d2-drag-desk-framed-drag-over-slot           cards= 12 valid= 46 skip=  0 invalid=  2 bad=  0 PASS ghost=4/4
d2-drag-desk-framed-drop-first-raf           cards= 11 valid= 44 skip=  0 invalid=  0 bad=  0 PASS
d2-drag-desk-framed-drop-stable              cards= 11 valid= 44 skip=  0 invalid=  0 bad=  0 PASS
d2-drag-desk-flat-drag-start                 cards= 12 valid= 42 skip=  0 invalid=  6 bad=  0 PASS ghost=4/4
d2-drag-desk-flat-drag-mid                   cards= 12 valid= 44 skip=  0 invalid=  4 bad=  0 PASS ghost=4/4
d2-drag-desk-flat-drag-over-slot             cards= 12 valid= 46 skip=  0 invalid=  2 bad=  0 PASS ghost=4/4
d2-drag-desk-flat-drop-first-raf             cards= 11 valid= 44 skip=  0 invalid=  0 bad=  0 PASS
d2-drag-desk-flat-drop-stable                cards= 11 valid= 44 skip=  0 invalid=  0 bad=  0 PASS
d2-drag-tablet-depth-drag-start              cards= 12 valid= 42 skip=  0 invalid=  6 bad=  0 PASS ghost=4/4
d2-drag-tablet-depth-drag-mid                cards= 12 valid= 44 skip=  0 invalid=  4 bad=  0 PASS ghost=4/4
d2-drag-tablet-depth-drag-over-slot          cards= 12 valid= 45 skip=  0 invalid=  3 bad=  0 PASS ghost=4/4
d2-drag-tablet-depth-drop-first-raf          cards= 11 valid= 44 skip=  0 invalid=  0 bad=  0 PASS
d2-drag-tablet-depth-drop-stable             cards= 11 valid= 44 skip=  0 invalid=  0 bad=  0 PASS
d2-drag-tablet-framed-drag-start             cards= 12 valid= 42 skip=  0 invalid=  6 bad=  0 PASS ghost=4/4
d2-drag-tablet-framed-drag-mid               cards= 12 valid= 43 skip=  0 invalid=  5 bad=  0 PASS ghost=4/4
d2-drag-tablet-framed-drag-over-slot         cards= 12 valid= 45 skip=  0 invalid=  3 bad=  0 PASS ghost=4/4
d2-drag-tablet-framed-drop-first-raf         cards= 11 valid= 44 skip=  0 invalid=  0 bad=  0 PASS
d2-drag-tablet-framed-drop-stable            cards= 11 valid= 44 skip=  0 invalid=  0 bad=  0 PASS
d2-drag-tablet-flat-drag-start               cards= 12 valid= 42 skip=  0 invalid=  6 bad=  0 PASS ghost=4/4
d2-drag-tablet-flat-drag-mid                 cards= 12 valid= 44 skip=  0 invalid=  4 bad=  0 PASS ghost=4/4
d2-drag-tablet-flat-drag-over-slot           cards= 12 valid= 45 skip=  0 invalid=  3 bad=  0 PASS ghost=4/4
d2-drag-tablet-flat-drop-first-raf           cards= 11 valid= 44 skip=  0 invalid=  0 bad=  0 PASS
d2-drag-tablet-flat-drop-stable              cards= 11 valid= 44 skip=  0 invalid=  0 bad=  0 PASS
d2-negative-control-pool                     cards= 65 valid=148 skip= 28 invalid=  0 bad= 76 FAIL
== dpr 2.0: 狀態 52 缺 0 零樣本必測 0 ghost缺角 0 乾淨黑角 0 負控制紅 76 拖曳有 → OK
>>> PASS
